apiVersion: v1
kind: ServiceAccount
metadata:
  annotations: {}
  labels:
    name: nodedisruptionpolicies-manager
  name: nodedisruptionpolicies-manager
  namespace: openshift-machine-config-operator
---
apiVersion: rbac.authorization.k8s.io/v1
kind: ClusterRole
metadata:
  annotations: {}
  labels:
    name: espejote-nodedisruptionpolicies
  name: espejote:nodedisruptionpolicies
rules:
  - apiGroups:
      - operator.openshift.io
    resources:
      - machineconfigurations
    verbs:
      - get
      - list
      - watch
      - update
      - patch
  - apiGroups:
      - machineconfiguration.openshift.io
    resources:
      - machineconfigs
    verbs:
      - get
      - list
      - watch
---
apiVersion: rbac.authorization.k8s.io/v1
kind: ClusterRoleBinding
metadata:
  annotations: {}
  labels:
    name: espejote-nodedisruptionpolicies
  name: espejote:nodedisruptionpolicies
roleRef:
  apiGroup: rbac.authorization.k8s.io
  kind: ClusterRole
  name: espejote:nodedisruptionpolicies
subjects:
  - kind: ServiceAccount
    name: nodedisruptionpolicies-manager
    namespace: openshift-machine-config-operator
---
apiVersion: rbac.authorization.k8s.io/v1
kind: Role
metadata:
  annotations: {}
  labels:
    name: espejote-nodedisruptionpolicies
  name: espejote:nodedisruptionpolicies
  namespace: openshift-machine-config-operator
rules:
  - apiGroups:
      - espejote.io
    resources:
      - jsonnetlibraries
    verbs:
      - get
      - list
      - watch
---
apiVersion: rbac.authorization.k8s.io/v1
kind: RoleBinding
metadata:
  annotations: {}
  labels:
    name: espejote-nodedisruptionpolicies
  name: espejote:nodedisruptionpolicies
  namespace: openshift-machine-config-operator
roleRef:
  apiGroup: rbac.authorization.k8s.io
  kind: Role
  name: espejote:nodedisruptionpolicies
subjects:
  - kind: ServiceAccount
    name: nodedisruptionpolicies-manager
    namespace: openshift-machine-config-operator
