apiVersion: machineconfiguration.openshift.io/v1
kind: MachineConfig
metadata:
  annotations: {}
  labels:
    app.kubernetes.io/component: openshift4-nodes
    app.kubernetes.io/managed-by: commodore
    app.kubernetes.io/name: openshift4-nodes
    machineconfiguration.openshift.io/role: app
    name: 99x-app-ssh
  name: 99x-app-ssh
spec:
  config:
    ignition:
      version: 3.2.0
    passwd:
      users:
        - name: core
          sshAuthorizedKeys:
            - ssh-ed25519 AAAAC3NzaC1lZDI1NTE5AAAAID9BWBmqreqpn7cF9klFEeLrg/NWk3UAyvx7gj/cVFQn
---
apiVersion: machineconfiguration.openshift.io/v1
kind: MachineConfig
metadata:
  annotations: {}
  labels:
    app.kubernetes.io/component: openshift4-nodes
    app.kubernetes.io/managed-by: commodore
    app.kubernetes.io/name: openshift4-nodes
    machineconfiguration.openshift.io/role: flex
    name: 99x-flex-ssh
  name: 99x-flex-ssh
spec:
  config:
    ignition:
      version: 3.2.0
    passwd:
      users:
        - name: core
          sshAuthorizedKeys:
            - ssh-ed25519 AAAAC3NzaC1lZDI1NTE5AAAAID9BWBmqreqpn7cF9klFEeLrg/NWk3UAyvx7gj/cVFQn
---
apiVersion: machineconfiguration.openshift.io/v1
kind: MachineConfig
metadata:
  annotations:
    inline-contents.machineconfig.syn.tools/etc-chrony.conf: |
      # Use ch.pool.ntp.org
      pool ch.pool.ntp.org iburst
      # Rest is copied from the default config
      driftfile /var/lib/chrony/drift
      makestep 1.0 3
      rtcsync
      keyfile /etc/chrony.keys
      leapsectz right/UTC
      logdir /var/log/chrony
  labels:
    app.kubernetes.io/component: openshift4-nodes
    app.kubernetes.io/managed-by: commodore
    app.kubernetes.io/name: openshift4-nodes
    machineconfiguration.openshift.io/role: worker
    name: 99x-worker-chrony-custom
  name: 99x-worker-chrony-custom
spec:
  config:
    ignition:
      version: 3.2.0
    storage:
      files:
        - contents:
            source: data:text/plain;charset=utf-8;base64,IyBVc2UgY2gucG9vbC5udHAub3JnCnBvb2wgY2gucG9vbC5udHAub3JnIGlidXJzdAojIFJlc3QgaXMgY29waWVkIGZyb20gdGhlIGRlZmF1bHQgY29uZmlnCmRyaWZ0ZmlsZSAvdmFyL2xpYi9jaHJvbnkvZHJpZnQKbWFrZXN0ZXAgMS4wIDMKcnRjc3luYwprZXlmaWxlIC9ldGMvY2hyb255LmtleXMKbGVhcHNlY3R6IHJpZ2h0L1VUQwpsb2dkaXIgL3Zhci9sb2cvY2hyb255Cg==
          mode: 420
          overwrite: true
          path: /etc/chrony.conf
---
apiVersion: machineconfiguration.openshift.io/v1
kind: MachineConfig
metadata:
  annotations: {}
  labels:
    app.kubernetes.io/component: openshift4-nodes
    app.kubernetes.io/managed-by: commodore
    app.kubernetes.io/name: openshift4-nodes
    machineconfiguration.openshift.io/role: worker
    name: 99x-worker-ssh
  name: 99x-worker-ssh
spec:
  config:
    ignition:
      version: 3.2.0
    passwd:
      users:
        - name: core
          sshAuthorizedKeys:
            - ssh-ed25519 AAAAC3NzaC1lZDI1NTE5AAAAID9BWBmqreqpn7cF9klFEeLrg/NWk3UAyvx7gj/cVFQn
