apiVersion: config.openshift.io/v1
kind: Node
metadata:
  annotations: {}
  labels:
    name: cluster
  name: cluster
spec:
  cgroupMode: v1
