apiVersion: machineconfiguration.openshift.io/v1
kind: ContainerRuntimeConfig
metadata:
  annotations: {}
  labels:
    app.kubernetes.io/component: openshift4-nodes
    app.kubernetes.io/managed-by: commodore
    app.kubernetes.io/name: openshift4-nodes
    name: app
  name: app
spec:
  machineConfigPoolSelector:
    matchExpressions:
      - key: pools.operator.machineconfiguration.openshift.io/app
        operator: Exists
  pidsLimit: 1337
