apiVersion: machine.openshift.io/v1beta1
kind: MachineSet
metadata:
  annotations: {}
  labels:
    machine.openshift.io/cluster-api-cluster: c-cluster-1
    name: worker
  name: worker
  namespace: openshift-machine-api
spec:
  deletePolicy: Oldest
  replicas: 3
  selector:
    matchLabels:
      machine.openshift.io/cluster-api-cluster: c-cluster-1
      machine.openshift.io/cluster-api-machineset: worker
  template:
    metadata:
      labels:
        machine.openshift.io/cluster-api-cluster: c-cluster-1
        machine.openshift.io/cluster-api-machine-role: app
        machine.openshift.io/cluster-api-machine-type: app
        machine.openshift.io/cluster-api-machineset: worker
    spec:
      lifecycleHooks: {}
      metadata:
        labels:
          node-role.kubernetes.io/app: ''
          node-role.kubernetes.io/worker: ''
      providerSpec:
        value:
          antiAffinityKey: worker
          baseDomain: c-cluster-1.vshnmanaged.net
          flavor: plus-16-4
          image: custom:rhcos-4.16
          interfaces:
            - addresses:
                - subnetUUID: 1971d4c3-0065-41fc-82f4-c26cf2fe4f9a
              type: Private
          rootVolumeSizeGB: 100
          tokenSecret:
            name: cloudscale-rw-token
          userDataSecret:
            name: cloudscale-user-data
          zone: lpg1
