apiVersion: machineconfiguration.openshift.io/v1
kind: MachineConfigPool
metadata:
  annotations: {}
  labels:
    app.kubernetes.io/component: openshift4-nodes
    app.kubernetes.io/managed-by: commodore
    app.kubernetes.io/name: openshift4-nodes
    name: x-flex
    pools.operator.machineconfiguration.openshift.io/flex: ''
  name: x-flex
spec:
  machineConfigSelector:
    matchExpressions:
      - key: machineconfiguration.openshift.io/role
        operator: In
        values:
          - worker
          - x-flex
          - flex
  nodeSelector:
    matchLabels:
      node-role.kubernetes.io/flex: ''
