spec:
  ignoreDifferences: []
  syncPolicy:
    syncOptions:
      - RespectIgnoreDifferences=true
