apiVersion: autoscaling.openshift.io/v1beta1
kind: MachineAutoscaler
maxReplicas: 6
metadata:
  annotations: {}
  labels:
    name: app
  name: app
  namespace: openshift-machine-api
minReplicas: 3
spec:
  maxReplicas: 6
  minReplicas: 3
  scaleTargetRef:
    apiVersion: machine.openshift.io/v1beta1
    kind: MachineSet
    name: app
