spec:
  ignoreDifferences:
    - jsonPointers:
        - /spec/state
      kind: ControlPlaneMachineSet
      name: cluster
      namespace: openshift-machine-api
