apiVersion: monitoring.coreos.com/v1
kind: ServiceMonitor
metadata:
  annotations: {}
  labels:
    name: openshift-machine-api-cluster-autoscaler-operator
  name: openshift-machine-api-cluster-autoscaler-operator
  namespace: syn-monitoring-openshift4-nodes
spec:
  endpoints:
    - bearerTokenFile: /var/run/secrets/kubernetes.io/serviceaccount/token
      interval: 30s
      port: metrics
      relabelings:
        - action: drop
          regex: (go_.*|process_.*|promhttp_.*)
          sourceLabels:
            - __name__
      scheme: https
      tlsConfig:
        caFile: /var/run/secrets/kubernetes.io/serviceaccount/service-ca.crt
        serverName: cluster-autoscaler-operator.openshift-machine-api.svc
  namespaceSelector:
    matchNames:
      - openshift-machine-api
  selector:
    matchLabels:
      k8s-app: cluster-autoscaler-operator
---
apiVersion: monitoring.coreos.com/v1
kind: ServiceMonitor
metadata:
  annotations: {}
  labels:
    name: openshift-machine-api-machine-api-controllers
  name: openshift-machine-api-machine-api-controllers
  namespace: syn-monitoring-openshift4-nodes
spec:
  endpoints:
    - bearerTokenFile: /var/run/secrets/kubernetes.io/serviceaccount/token
      interval: 30s
      port: machine-mtrc
      relabelings:
        - action: drop
          regex: (go_.*|process_.*|promhttp_.*)
          sourceLabels:
            - __name__
      scheme: https
      tlsConfig:
        caFile: /var/run/secrets/kubernetes.io/serviceaccount/service-ca.crt
        serverName: machine-api-controllers.openshift-machine-api.svc
    - bearerTokenFile: /var/run/secrets/kubernetes.io/serviceaccount/token
      interval: 30s
      port: machineset-mtrc
      relabelings:
        - action: drop
          regex: (go_.*|process_.*|promhttp_.*)
          sourceLabels:
            - __name__
      scheme: https
      tlsConfig:
        caFile: /var/run/secrets/kubernetes.io/serviceaccount/service-ca.crt
        serverName: machine-api-controllers.openshift-machine-api.svc
    - bearerTokenFile: /var/run/secrets/kubernetes.io/serviceaccount/token
      interval: 30s
      port: mhc-mtrc
      relabelings:
        - action: drop
          regex: (go_.*|process_.*|promhttp_.*)
          sourceLabels:
            - __name__
      scheme: https
      tlsConfig:
        caFile: /var/run/secrets/kubernetes.io/serviceaccount/service-ca.crt
        serverName: machine-api-controllers.openshift-machine-api.svc
  namespaceSelector:
    matchNames:
      - openshift-machine-api
  selector:
    matchLabels:
      k8s-app: controller
---
apiVersion: monitoring.coreos.com/v1
kind: ServiceMonitor
metadata:
  annotations: {}
  labels:
    name: openshift-machine-api-machine-api-operator
  name: openshift-machine-api-machine-api-operator
  namespace: syn-monitoring-openshift4-nodes
spec:
  endpoints:
    - bearerTokenFile: /var/run/secrets/kubernetes.io/serviceaccount/token
      interval: 30s
      port: https
      relabelings:
        - action: drop
          regex: (go_.*|process_.*|promhttp_.*)
          sourceLabels:
            - __name__
      scheme: https
      tlsConfig:
        caFile: /var/run/secrets/kubernetes.io/serviceaccount/service-ca.crt
        serverName: machine-api-operator.openshift-machine-api.svc
  namespaceSelector:
    matchNames:
      - openshift-machine-api
  selector:
    matchLabels:
      k8s-app: machine-api-operator
---
apiVersion: monitoring.coreos.com/v1
kind: ServiceMonitor
metadata:
  annotations: {}
  labels:
    name: openshift-machine-config-operator-machine-config-daemon
  name: openshift-machine-config-operator-machine-config-daemon
  namespace: syn-monitoring-openshift4-nodes
spec:
  endpoints:
    - bearerTokenFile: /var/run/secrets/kubernetes.io/serviceaccount/token
      interval: 30s
      path: /metrics
      port: metrics
      relabelings:
        - action: drop
          regex: (go_.*|process_.*|promhttp_.*)
          sourceLabels:
            - __name__
        - action: replace
          regex: ;(.*)
          replacement: $1
          separator: ;
          sourceLabels:
            - node
            - __meta_kubernetes_pod_node_name
          targetLabel: node
      scheme: https
      tlsConfig:
        caFile: /var/run/secrets/kubernetes.io/serviceaccount/service-ca.crt
        serverName: machine-config-daemon.openshift-machine-config-operator.svc
  namespaceSelector:
    matchNames:
      - openshift-machine-config-operator
  selector:
    matchLabels:
      k8s-app: machine-config-daemon
