apiVersion: v1
kind: Namespace
metadata:
  annotations:
    openshift.io/node-selector: ''
    scheduler.alpha.kubernetes.io/defaultTolerations: '[{"operator":"Exists"}]'
  labels:
    name: syn-debug-nodes
  name: syn-debug-nodes
