apiVersion: machineconfiguration.openshift.io/v1
kind: KubeletConfig
metadata:
  annotations: {}
  labels:
    app.kubernetes.io/component: openshift4-nodes
    app.kubernetes.io/managed-by: commodore
    app.kubernetes.io/name: openshift4-nodes
    name: workers
  name: workers
spec:
  kubeletConfig:
    maxPods: 999
    systemReserved:
      memory: 2Gi
  machineConfigPoolSelector:
    matchExpressions:
      - key: pools.operator.machineconfiguration.openshift.io/worker
        operator: Exists
