apiVersion: v1
kind: Namespace
metadata:
  annotations: {}
  labels:
    name: appuio-openshift4-nodes
  name: appuio-openshift4-nodes
---
apiVersion: v1
kind: ServiceAccount
metadata:
  annotations: {}
  labels:
    name: service-loadbalancer-default-annotations-manager
  name: service-loadbalancer-default-annotations-manager
  namespace: appuio-openshift4-nodes
---
apiVersion: rbac.authorization.k8s.io/v1
kind: ClusterRole
metadata:
  annotations: {}
  labels:
    name: espejote-service-loadbalancer-default-annotations
  name: espejote:service-loadbalancer-default-annotations
rules:
  - apiGroups:
      - ''
    resources:
      - services
    verbs:
      - get
      - list
      - watch
      - update
      - patch
---
apiVersion: rbac.authorization.k8s.io/v1
kind: ClusterRoleBinding
metadata:
  annotations: {}
  labels:
    name: espejote-service-loadbalancer-default-annotations
  name: espejote:service-loadbalancer-default-annotations
roleRef:
  apiGroup: rbac.authorization.k8s.io
  kind: ClusterRole
  name: espejote:service-loadbalancer-default-annotations
subjects:
  - kind: ServiceAccount
    name: service-loadbalancer-default-annotations-manager
    namespace: appuio-openshift4-nodes
