apiVersion: rbac.authorization.k8s.io/v1
kind: ClusterRole
metadata:
  annotations: {}
  labels:
    name: syn-openshift4-nodes-cluster-reader
    rbac.authorization.k8s.io/aggregate-to-cluster-reader: 'true'
  name: syn-openshift4-nodes-cluster-reader
rules:
  - apiGroups:
      - machineconfiguration.openshift.io
    resources:
      - machineconfigs
    verbs:
      - get
      - list
      - watch
