apiVersion: autoscaling.openshift.io/v1
kind: ClusterAutoscaler
metadata:
  annotations: {}
  labels:
    name: default
  name: default
spec:
  expanders:
    - Random
  logVerbosity: 1
  podPriorityThreshold: -10
  resourceLimits:
    cores:
      max: 128
      min: 8
    maxNodesTotal: 24
    memory:
      max: 256
      min: 4
  scaleDown:
    delayAfterAdd: 10m
    delayAfterDelete: 5m
    delayAfterFailure: 30s
    enabled: false
    unneededTime: 5m
    utilizationThreshold: '0.4'
