apiVersion: machine.openshift.io/v1beta1
kind: MachineSet
metadata:
  annotations: {}
  labels:
    machine.openshift.io/cluster-api-cluster: c-green-test-1234
    name: infra
  name: infra
  namespace: openshift-machine-api
spec:
  replicas: 4
  selector:
    matchLabels:
      machine.openshift.io/cluster-api-cluster: c-green-test-1234
      machine.openshift.io/cluster-api-machineset: infra
  template:
    metadata:
      labels:
        machine.openshift.io/cluster-api-cluster: c-green-test-1234
        machine.openshift.io/cluster-api-machine-role: infra
        machine.openshift.io/cluster-api-machine-type: infra
        machine.openshift.io/cluster-api-machineset: infra
    spec:
      metadata:
        labels:
          node-role.kubernetes.io/infra: ''
          node-role.kubernetes.io/worker: ''
          syn.tools/cluster-id: c-green-test-1234
      providerSpec:
        value:
          antiAffinityKey: infra
          baseDomain: my.base.domain
          flavor: plus-16-4
          image: custom:rhcos-4.17
          interfaces:
            - addresses:
                - subnetUUID: some_subnet_uuid_here
              type: Private
          rootVolumeSizeGB: 100
          test: foo
          tokenSecret:
            name: cloudscale-rw-token
          userDataSecret:
            name: cloudscale-user-data
          zone: lpg1
