apiVersion: machine.openshift.io/v1beta1
kind: MachineSet
metadata:
  annotations: {}
  labels:
    machine.openshift.io/cluster-api-cluster: c-green-test-1234
    name: worker
  name: worker
  namespace: openshift-machine-api
spec:
  replicas: 3
  selector:
    matchLabels:
      machine.openshift.io/cluster-api-cluster: c-green-test-1234
      machine.openshift.io/cluster-api-machineset: worker
  template:
    metadata:
      labels:
        machine.openshift.io/cluster-api-cluster: c-green-test-1234
        machine.openshift.io/cluster-api-machine-role: app
        machine.openshift.io/cluster-api-machine-type: app
        machine.openshift.io/cluster-api-machineset: worker
    spec:
      metadata:
        labels:
          node-role.kubernetes.io/app: ''
          node-role.kubernetes.io/worker: ''
          syn.tools/cluster-id: c-green-test-1234
      providerSpec:
        value:
          antiAffinityKey: c-green-test-1234_worker
          baseDomain: my.base.domain
          flavor: plus-16-4
          image: custom:rhcos-4.17
          interfaces:
            - addresses:
                - subnetUUID: some_subnet_uuid_here
              type: Private
          rootVolumeSizeGB: 100
          tokenSecret:
            name: cloudscale-rw-token
          userDataSecret:
            name: cloudscale-user-data
          zone: lpg1
