apiVersion: machine.openshift.io/v1beta1
kind: MachineSet
metadata:
  annotations: {}
  labels:
    machine.openshift.io/cluster-api-cluster: c-green-test-1234
    name: infra
  name: infra
  namespace: openshift-machine-api
spec:
  replicas: 4
  selector:
    matchLabels:
      machine.openshift.io/cluster-api-cluster: c-green-test-1234
      machine.openshift.io/cluster-api-machineset: infra
  template:
    metadata:
      labels:
        machine.openshift.io/cluster-api-cluster: c-green-test-1234
        machine.openshift.io/cluster-api-machine-role: infra
        machine.openshift.io/cluster-api-machine-type: infra
        machine.openshift.io/cluster-api-machineset: infra
    spec:
      metadata:
        labels:
          node-role.kubernetes.io/infra: ''
          node-role.kubernetes.io/worker: ''
      providerSpec:
        value:
          cloudName: openstack
          cloudsSecret:
            name: openstack-cloud-credentials
            namespace: openshift-machine-api
          networks:
            - filter: {}
              subnets:
                - filter:
                    tags: openshiftClusterID=c-green-test-1234-ohgh7
          rootVolume:
            diskSize: 100
            sourceUUID: c-green-test-1234-ohgh7-rhcos
            volumeType: __DEFAULT__
          securityGroups:
            - filter: {}
              name: c-green-test-1234-ohgh7-worker
          serverMetadata:
            openshiftClusterID: c-green-test-1234-ohgh7
          tags:
            - openshiftClusterID=c-green-test-1234-ohgh7
          test: foo
          userDataSecret:
            name: worker-user-data
